
tobyc@RanYakumo MINGW64 ~/Desktop/basic_repo
$ git init
Initialized empty Git repository in C:/Users/tobyc/Desktop/basic_repo/.git/

tobyc@RanYakumo MINGW64 ~/Desktop/basic_repo (master)
$ git add basic foundation 2.js
fatal: pathspec 'basic' did not match any files

tobyc@RanYakumo MINGW64 ~/Desktop/basic_repo (master)
$ git add "basic foundation 2.js"

tobyc@RanYakumo MINGW64 ~/Desktop/basic_repo (master)
$ git add catthink.jpg

tobyc@RanYakumo MINGW64 ~/Desktop/basic_repo (master)
$ git remote add origin https://github.com/Pitchouli/basic_repo.git

tobyc@RanYakumo MINGW64 ~/Desktop/basic_repo (master)
$ git push origin master
error: src refspec master does not match any
error: failed to push some refs to 'https://github.com/Pitchouli/basic_repo.git'

tobyc@RanYakumo MINGW64 ~/Desktop/basic_repo (master)
$ git push
fatal: The current branch master has no upstream branch.
To push the current branch and set the remote as upstream, use

    git push --set-upstream origin master


tobyc@RanYakumo MINGW64 ~/Desktop/basic_repo (master)
$ git push --set-upstream origin master
error: src refspec master does not match any
error: failed to push some refs to 'https://github.com/Pitchouli/basic_repo.git'

tobyc@RanYakumo MINGW64 ~/Desktop/basic_repo (master)
$ git commit
[master (root-commit) 56964d5] added 2 files
 2 files changed, 203 insertions(+)
 create mode 100644 basic foundation 2.js
 create mode 100644 catthink.jpg

tobyc@RanYakumo MINGW64 ~/Desktop/basic_repo (master)
$ git push origin master
Enumerating objects: 4, done.
Counting objects: 100% (4/4), done.
Delta compression using up to 8 threads
Compressing objects: 100% (4/4), done.
Writing objects: 100% (4/4), 28.61 KiB | 14.30 MiB/s, done.
Total 4 (delta 0), reused 0 (delta 0), pack-reused 0
To https://github.com/Pitchouli/basic_repo.git
 * [new branch]      master -> master

tobyc@RanYakumo MINGW64 ~/Desktop/basic_repo (master)
$ git add "cat please.jpg"

tobyc@RanYakumo MINGW64 ~/Desktop/basic_repo (master)
$ git commit -m "added another file"
[master 385fc94] added another file
 1 file changed, 0 insertions(+), 0 deletions(-)
 create mode 100644 cat please.jpg

tobyc@RanYakumo MINGW64 ~/Desktop/basic_repo (master)
$ git push origin master
Enumerating objects: 4, done.
Counting objects: 100% (4/4), done.
Delta compression using up to 8 threads
Compressing objects: 100% (3/3), done.
Writing objects: 100% (3/3), 16.91 KiB | 8.45 MiB/s, done.
Total 3 (delta 0), reused 0 (delta 0), pack-reused 0
To https://github.com/Pitchouli/basic_repo.git
   56964d5..385fc94  master -> master

tobyc@RanYakumo 